Analysis & Synthesis report for Block1
Fri Jun 07 18:14:00 2024
Quartus II 64-Bit Version 9.1 Build 350 03/24/2010 Service Pack 2 SJ Full Version


---------------------
; Table of Contents ;
---------------------
  1. Legal Notice
  2. Analysis & Synthesis Summary
  3. Analysis & Synthesis Settings
  4. Parallel Compilation
  5. Analysis & Synthesis Source Files Read
  6. Analysis & Synthesis Resource Usage Summary
  7. Analysis & Synthesis Resource Utilization by Entity
  8. Logic Cells Representing Combinational Loops
  9. General Register Statistics
 10. Parameter Settings for User Entity Instance: Block4:inst3|74283:inst6
 11. Parameter Settings for User Entity Instance: Block4:inst4|74283:inst6
 12. Analysis & Synthesis Messages



----------------
; Legal Notice ;
----------------
Copyright (C) 1991-2010 Altera Corporation
Your use of Altera Corporation's design tools, logic functions 
and other software and tools, and its AMPP partner logic 
functions, and any output files from any of the foregoing 
(including device programming or simulation files), and any 
associated documentation or information are expressly subject 
to the terms and conditions of the Altera Program License 
Subscription Agreement, Altera MegaCore Function License 
Agreement, or other applicable license agreement, including, 
without limitation, that your use is for the sole purpose of 
programming logic devices manufactured by Altera and sold by 
Altera or its authorized distributors.  Please refer to the 
applicable agreement for further details.



+-----------------------------------------------------------------------------+
; Analysis & Synthesis Summary                                                ;
+-----------------------------+-----------------------------------------------+
; Analysis & Synthesis Status ; Successful - Fri Jun 07 18:14:00 2024         ;
; Quartus II 64-Bit Version   ; 9.1 Build 350 03/24/2010 SP 2 SJ Full Version ;
; Revision Name               ; Block1                                        ;
; Top-level Entity Name       ; TEST                                          ;
; Family                      ; MAX II                                        ;
; Total logic elements        ; 122                                           ;
; Total pins                  ; 40                                            ;
; Total virtual pins          ; 0                                             ;
; UFM blocks                  ; 0 / 1 ( 0 % )                                 ;
+-----------------------------+-----------------------------------------------+


+----------------------------------------------------------------------------------------------------------------------+
; Analysis & Synthesis Settings                                                                                        ;
+----------------------------------------------------------------------------+--------------------+--------------------+
; Option                                                                     ; Setting            ; Default Value      ;
+----------------------------------------------------------------------------+--------------------+--------------------+
; Device                                                                     ; EPM1270T144C5      ;                    ;
; Top-level entity name                                                      ; TEST               ; Block1             ;
; Family name                                                                ; MAX II             ; Stratix II         ;
; Use Generated Physical Constraints File                                    ; Off                ;                    ;
; Use smart compilation                                                      ; Off                ; Off                ;
; Enable parallel Assembler and TimeQuest Timing Analyzer during compilation ; On                 ; On                 ;
; Enable compact report table                                                ; Off                ; Off                ;
; Restructure Multiplexers                                                   ; Auto               ; Auto               ;
; Create Debugging Nodes for IP Cores                                        ; Off                ; Off                ;
; Preserve fewer node names                                                  ; On                 ; On                 ;
; Disable OpenCore Plus hardware evaluation                                  ; Off                ; Off                ;
; Verilog Version                                                            ; Verilog_2001       ; Verilog_2001       ;
; VHDL Version                                                               ; VHDL_1993          ; VHDL_1993          ;
; State Machine Processing                                                   ; Auto               ; Auto               ;
; Safe State Machine                                                         ; Off                ; Off                ;
; Extract Verilog State Machines                                             ; On                 ; On                 ;
; Extract VHDL State Machines                                                ; On                 ; On                 ;
; Ignore Verilog initial constructs                                          ; Off                ; Off                ;
; Iteration limit for constant Verilog loops                                 ; 5000               ; 5000               ;
; Iteration limit for non-constant Verilog loops                             ; 250                ; 250                ;
; Add Pass-Through Logic to Inferred RAMs                                    ; On                 ; On                 ;
; Parallel Synthesis                                                         ; On                 ; On                 ;
; NOT Gate Push-Back                                                         ; On                 ; On                 ;
; Power-Up Don't Care                                                        ; On                 ; On                 ;
; Remove Redundant Logic Cells                                               ; Off                ; Off                ;
; Remove Duplicate Registers                                                 ; On                 ; On                 ;
; Ignore CARRY Buffers                                                       ; Off                ; Off                ;
; Ignore CASCADE Buffers                                                     ; Off                ; Off                ;
; Ignore GLOBAL Buffers                                                      ; Off                ; Off                ;
; Ignore ROW GLOBAL Buffers                                                  ; Off                ; Off                ;
; Ignore LCELL Buffers                                                       ; Off                ; Off                ;
; Ignore SOFT Buffers                                                        ; On                 ; On                 ;
; Limit AHDL Integers to 32 Bits                                             ; Off                ; Off                ;
; Optimization Technique                                                     ; Balanced           ; Balanced           ;
; Carry Chain Length                                                         ; 70                 ; 70                 ;
; Auto Carry Chains                                                          ; On                 ; On                 ;
; Auto Open-Drain Pins                                                       ; On                 ; On                 ;
; Perform WYSIWYG Primitive Resynthesis                                      ; Off                ; Off                ;
; Auto Shift Register Replacement                                            ; Auto               ; Auto               ;
; Auto Clock Enable Replacement                                              ; On                 ; On                 ;
; Allow Synchronous Control Signals                                          ; On                 ; On                 ;
; Force Use of Synchronous Clear Signals                                     ; Off                ; Off                ;
; Auto Resource Sharing                                                      ; Off                ; Off                ;
; Use LogicLock Constraints during Resource Balancing                        ; On                 ; On                 ;
; Ignore translate_off and synthesis_off directives                          ; Off                ; Off                ;
; Show Parameter Settings Tables in Synthesis Report                         ; On                 ; On                 ;
; Ignore Maximum Fan-Out Assignments                                         ; Off                ; Off                ;
; Synchronization Register Chain Length                                      ; 2                  ; 2                  ;
; PowerPlay Power Optimization                                               ; Normal compilation ; Normal compilation ;
; HDL message level                                                          ; Level2             ; Level2             ;
; Suppress Register Optimization Related Messages                            ; Off                ; Off                ;
; Number of Removed Registers Reported in Synthesis Report                   ; 5000               ; 5000               ;
; Number of Inverted Registers Reported in Synthesis Report                  ; 100                ; 100                ;
; Clock MUX Protection                                                       ; On                 ; On                 ;
; Block Design Naming                                                        ; Auto               ; Auto               ;
; Synthesis Effort                                                           ; Auto               ; Auto               ;
; Shift Register Replacement - Allow Asynchronous Clear Signal               ; On                 ; On                 ;
; Analysis & Synthesis Message Level                                         ; Medium             ; Medium             ;
; Disable Register Merging Across Hierarchies                                ; Auto               ; Auto               ;
+----------------------------------------------------------------------------+--------------------+--------------------+


+------------------------------------------+
; Parallel Compilation                     ;
+----------------------------+-------------+
; Processors                 ; Number      ;
+----------------------------+-------------+
; Number detected on machine ; 14          ;
; Maximum allowed            ; 14          ;
;                            ;             ;
; Average used               ; 1.00        ;
; Maximum used               ; 1           ;
;                            ;             ;
; Usage by Processor         ; % Time Used ;
;     1 processor            ; 100.0%      ;
;     2-14 processors        ;   0.0%      ;
+----------------------------+-------------+


+-----------------------------------------------------------------------------------------------------------------------------------------------------+
; Analysis & Synthesis Source Files Read                                                                                                              ;
+----------------------------------+-----------------+------------------------------------+-----------------------------------------------------------+
; File Name with User-Entered Path ; Used in Netlist ; File Type                          ; File Name with Absolute Path                              ;
+----------------------------------+-----------------+------------------------------------+-----------------------------------------------------------+
; Block1.bdf                       ; yes             ; User Block Diagram/Schematic File  ; C:/Users/Administrator/Desktop/traffic_lights/Block1.bdf  ;
; Block2.bdf                       ; yes             ; User Block Diagram/Schematic File  ; C:/Users/Administrator/Desktop/traffic_lights/Block2.bdf  ;
; Block3.bdf                       ; yes             ; User Block Diagram/Schematic File  ; C:/Users/Administrator/Desktop/traffic_lights/Block3.bdf  ;
; TEST.bdf                         ; yes             ; User Block Diagram/Schematic File  ; C:/Users/Administrator/Desktop/traffic_lights/TEST.bdf    ;
; Block4.bdf                       ; yes             ; User Block Diagram/Schematic File  ; C:/Users/Administrator/Desktop/traffic_lights/Block4.bdf  ;
; Block5.bdf                       ; yes             ; User Block Diagram/Schematic File  ; C:/Users/Administrator/Desktop/traffic_lights/Block5.bdf  ;
; Block6.bdf                       ; yes             ; User Block Diagram/Schematic File  ; C:/Users/Administrator/Desktop/traffic_lights/Block6.bdf  ;
; Block7.bdf                       ; yes             ; User Block Diagram/Schematic File  ; C:/Users/Administrator/Desktop/traffic_lights/Block7.bdf  ;
; Block10.bdf                      ; yes             ; User Block Diagram/Schematic File  ; C:/Users/Administrator/Desktop/traffic_lights/Block10.bdf ;
; 7448.bdf                         ; yes             ; Megafunction                       ; d:/quartus/quartus/libraries/others/maxplus2/7448.bdf     ;
; 74190.bdf                        ; yes             ; Megafunction                       ; d:/quartus/quartus/libraries/others/maxplus2/74190.bdf    ;
; 74283.tdf                        ; yes             ; Megafunction                       ; d:/quartus/quartus/libraries/others/maxplus2/74283.tdf    ;
; f74283.bdf                       ; yes             ; Megafunction                       ; d:/quartus/quartus/libraries/others/maxplus2/f74283.bdf   ;
; 74160.bdf                        ; yes             ; Megafunction                       ; d:/quartus/quartus/libraries/others/maxplus2/74160.bdf    ;
; 74138.bdf                        ; yes             ; Megafunction                       ; d:/quartus/quartus/libraries/others/maxplus2/74138.bdf    ;
+----------------------------------+-----------------+------------------------------------+-----------------------------------------------------------+


+-----------------------------------------------------+
; Analysis & Synthesis Resource Usage Summary         ;
+---------------------------------------------+-------+
; Resource                                    ; Usage ;
+---------------------------------------------+-------+
; Total logic elements                        ; 122   ;
;     -- Combinational with no register       ; 80    ;
;     -- Register only                        ; 18    ;
;     -- Combinational with a register        ; 24    ;
;                                             ;       ;
; Logic element usage by number of LUT inputs ;       ;
;     -- 4 input functions                    ; 55    ;
;     -- 3 input functions                    ; 22    ;
;     -- 2 input functions                    ; 17    ;
;     -- 1 input functions                    ; 10    ;
;     -- 0 input functions                    ; 0     ;
;                                             ;       ;
; Logic elements by mode                      ;       ;
;     -- normal mode                          ; 116   ;
;     -- arithmetic mode                      ; 6     ;
;     -- qfbk mode                            ; 0     ;
;     -- register cascade mode                ; 0     ;
;     -- synchronous clear/load mode          ; 0     ;
;     -- asynchronous clear/load mode         ; 24    ;
;                                             ;       ;
; Total registers                             ; 42    ;
; Total logic cells in carry chains           ; 8     ;
; I/O pins                                    ; 40    ;
; Maximum fan-out node                        ; CLK   ;
; Maximum fan-out                             ; 38    ;
; Total fan-out                               ; 468   ;
; Average fan-out                             ; 2.89  ;
+---------------------------------------------+-------+


+--------------------------------------------------------------------------------------------------------------------------------------------------------------------------------------------------------------------------------------------+
; Analysis & Synthesis Resource Utilization by Entity                                                                                                                                                                                        ;
+----------------------------+-------------+--------------+------------+------+--------------+--------------+-------------------+------------------+-----------------+------------+-------------------------------------------+--------------+
; Compilation Hierarchy Node ; Logic Cells ; LC Registers ; UFM Blocks ; Pins ; Virtual Pins ; LUT-Only LCs ; Register-Only LCs ; LUT/Register LCs ; Carry Chain LCs ; Packed LCs ; Full Hierarchy Name                       ; Library Name ;
+----------------------------+-------------+--------------+------------+------+--------------+--------------+-------------------+------------------+-----------------+------------+-------------------------------------------+--------------+
; |TEST                      ; 122 (4)     ; 42           ; 0          ; 40   ; 0            ; 80 (4)       ; 18 (0)            ; 24 (0)           ; 8 (0)           ; 0 (0)      ; |TEST                                     ; work         ;
;    |Block1:inst5|          ; 5 (1)       ; 4            ; 0          ; 0    ; 0            ; 1 (1)        ; 0 (0)             ; 4 (0)            ; 0 (0)           ; 0 (0)      ; |TEST|Block1:inst5                        ; work         ;
;       |74160:inst|         ; 4 (4)       ; 4            ; 0          ; 0    ; 0            ; 0 (0)        ; 0 (0)             ; 4 (4)            ; 0 (0)           ; 0 (0)      ; |TEST|Block1:inst5|74160:inst             ; work         ;
;    |Block1:inst|           ; 5 (1)       ; 4            ; 0          ; 0    ; 0            ; 1 (1)        ; 0 (0)             ; 4 (0)            ; 0 (0)           ; 0 (0)      ; |TEST|Block1:inst                         ; work         ;
;       |74160:inst|         ; 4 (4)       ; 4            ; 0          ; 0    ; 0            ; 0 (0)        ; 0 (0)             ; 4 (4)            ; 0 (0)           ; 0 (0)      ; |TEST|Block1:inst|74160:inst              ; work         ;
;    |Block2:inst1|          ; 4 (4)       ; 0            ; 0          ; 0    ; 0            ; 4 (4)        ; 0 (0)             ; 0 (0)            ; 0 (0)           ; 0 (0)      ; |TEST|Block2:inst1                        ; work         ;
;    |Block3:inst2|          ; 4 (4)       ; 0            ; 0          ; 0    ; 0            ; 4 (4)        ; 0 (0)             ; 0 (0)            ; 0 (0)           ; 0 (0)      ; |TEST|Block3:inst2                        ; work         ;
;    |Block4:inst3|          ; 31 (5)      ; 17           ; 0          ; 0    ; 0            ; 14 (0)       ; 9 (4)             ; 8 (1)            ; 4 (0)           ; 0 (0)      ; |TEST|Block4:inst3                        ; work         ;
;       |74190:inst1|        ; 8 (8)       ; 4            ; 0          ; 0    ; 0            ; 4 (4)        ; 3 (3)             ; 1 (1)            ; 0 (0)           ; 0 (0)      ; |TEST|Block4:inst3|74190:inst1            ; work         ;
;       |74190:inst|         ; 8 (8)       ; 4            ; 0          ; 0    ; 0            ; 4 (4)        ; 2 (2)             ; 2 (2)            ; 0 (0)           ; 0 (0)      ; |TEST|Block4:inst3|74190:inst             ; work         ;
;       |74283:inst6|        ; 6 (0)       ; 0            ; 0          ; 0    ; 0            ; 6 (0)        ; 0 (0)             ; 0 (0)            ; 4 (0)           ; 0 (0)      ; |TEST|Block4:inst3|74283:inst6            ; work         ;
;          |f74283:sub|      ; 6 (6)       ; 0            ; 0          ; 0    ; 0            ; 6 (6)        ; 0 (0)             ; 0 (0)            ; 4 (4)           ; 0 (0)      ; |TEST|Block4:inst3|74283:inst6|f74283:sub ; work         ;
;       |Block10:inst9|      ; 4 (4)       ; 4            ; 0          ; 0    ; 0            ; 0 (0)        ; 0 (0)             ; 4 (4)            ; 0 (0)           ; 0 (0)      ; |TEST|Block4:inst3|Block10:inst9          ; work         ;
;    |Block4:inst4|          ; 31 (5)      ; 17           ; 0          ; 0    ; 0            ; 14 (0)       ; 9 (4)             ; 8 (1)            ; 4 (0)           ; 0 (0)      ; |TEST|Block4:inst4                        ; work         ;
;       |74190:inst1|        ; 8 (8)       ; 4            ; 0          ; 0    ; 0            ; 4 (4)        ; 3 (3)             ; 1 (1)            ; 0 (0)           ; 0 (0)      ; |TEST|Block4:inst4|74190:inst1            ; work         ;
;       |74190:inst|         ; 8 (8)       ; 4            ; 0          ; 0    ; 0            ; 4 (4)        ; 2 (2)             ; 2 (2)            ; 0 (0)           ; 0 (0)      ; |TEST|Block4:inst4|74190:inst             ; work         ;
;       |74283:inst6|        ; 6 (0)       ; 0            ; 0          ; 0    ; 0            ; 6 (0)        ; 0 (0)             ; 0 (0)            ; 4 (0)           ; 0 (0)      ; |TEST|Block4:inst4|74283:inst6            ; work         ;
;          |f74283:sub|      ; 6 (6)       ; 0            ; 0          ; 0    ; 0            ; 6 (6)        ; 0 (0)             ; 0 (0)            ; 4 (4)           ; 0 (0)      ; |TEST|Block4:inst4|74283:inst6|f74283:sub ; work         ;
;       |Block10:inst9|      ; 4 (4)       ; 4            ; 0          ; 0    ; 0            ; 0 (0)        ; 0 (0)             ; 4 (4)            ; 0 (0)           ; 0 (0)      ; |TEST|Block4:inst4|Block10:inst9          ; work         ;
;    |Block5:inst10|         ; 7 (0)       ; 0            ; 0          ; 0    ; 0            ; 7 (0)        ; 0 (0)             ; 0 (0)            ; 0 (0)           ; 0 (0)      ; |TEST|Block5:inst10                       ; work         ;
;       |7448:inst|          ; 7 (7)       ; 0            ; 0          ; 0    ; 0            ; 7 (7)        ; 0 (0)             ; 0 (0)            ; 0 (0)           ; 0 (0)      ; |TEST|Block5:inst10|7448:inst             ; work         ;
;    |Block5:inst11|         ; 8 (0)       ; 0            ; 0          ; 0    ; 0            ; 8 (0)        ; 0 (0)             ; 0 (0)            ; 0 (0)           ; 0 (0)      ; |TEST|Block5:inst11                       ; work         ;
;       |7448:inst|          ; 8 (8)       ; 0            ; 0          ; 0    ; 0            ; 8 (8)        ; 0 (0)             ; 0 (0)            ; 0 (0)           ; 0 (0)      ; |TEST|Block5:inst11|7448:inst             ; work         ;
;    |Block5:inst12|         ; 7 (0)       ; 0            ; 0          ; 0    ; 0            ; 7 (0)        ; 0 (0)             ; 0 (0)            ; 0 (0)           ; 0 (0)      ; |TEST|Block5:inst12                       ; work         ;
;       |7448:inst|          ; 7 (7)       ; 0            ; 0          ; 0    ; 0            ; 7 (7)        ; 0 (0)             ; 0 (0)            ; 0 (0)           ; 0 (0)      ; |TEST|Block5:inst12|7448:inst             ; work         ;
;    |Block5:inst13|         ; 8 (0)       ; 0            ; 0          ; 0    ; 0            ; 8 (0)        ; 0 (0)             ; 0 (0)            ; 0 (0)           ; 0 (0)      ; |TEST|Block5:inst13                       ; work         ;
;       |7448:inst|          ; 8 (8)       ; 0            ; 0          ; 0    ; 0            ; 8 (8)        ; 0 (0)             ; 0 (0)            ; 0 (0)           ; 0 (0)      ; |TEST|Block5:inst13|7448:inst             ; work         ;
;    |Block6:inst39|         ; 1 (0)       ; 0            ; 0          ; 0    ; 0            ; 1 (0)        ; 0 (0)             ; 0 (0)            ; 0 (0)           ; 0 (0)      ; |TEST|Block6:inst39                       ; work         ;
;       |74138:inst2|        ; 1 (1)       ; 0            ; 0          ; 0    ; 0            ; 1 (1)        ; 0 (0)             ; 0 (0)            ; 0 (0)           ; 0 (0)      ; |TEST|Block6:inst39|74138:inst2           ; work         ;
;    |Block7:inst14|         ; 1 (1)       ; 0            ; 0          ; 0    ; 0            ; 1 (1)        ; 0 (0)             ; 0 (0)            ; 0 (0)           ; 0 (0)      ; |TEST|Block7:inst14                       ; work         ;
;    |Block7:inst15|         ; 1 (1)       ; 0            ; 0          ; 0    ; 0            ; 1 (1)        ; 0 (0)             ; 0 (0)            ; 0 (0)           ; 0 (0)      ; |TEST|Block7:inst15                       ; work         ;
;    |Block7:inst16|         ; 1 (1)       ; 0            ; 0          ; 0    ; 0            ; 1 (1)        ; 0 (0)             ; 0 (0)            ; 0 (0)           ; 0 (0)      ; |TEST|Block7:inst16                       ; work         ;
;    |Block7:inst18|         ; 1 (1)       ; 0            ; 0          ; 0    ; 0            ; 1 (1)        ; 0 (0)             ; 0 (0)            ; 0 (0)           ; 0 (0)      ; |TEST|Block7:inst18                       ; work         ;
;    |Block7:inst20|         ; 1 (1)       ; 0            ; 0          ; 0    ; 0            ; 1 (1)        ; 0 (0)             ; 0 (0)            ; 0 (0)           ; 0 (0)      ; |TEST|Block7:inst20                       ; work         ;
;    |Block7:inst21|         ; 1 (1)       ; 0            ; 0          ; 0    ; 0            ; 1 (1)        ; 0 (0)             ; 0 (0)            ; 0 (0)           ; 0 (0)      ; |TEST|Block7:inst21                       ; work         ;
;    |Block7:inst26|         ; 1 (1)       ; 0            ; 0          ; 0    ; 0            ; 1 (1)        ; 0 (0)             ; 0 (0)            ; 0 (0)           ; 0 (0)      ; |TEST|Block7:inst26                       ; work         ;
+----------------------------+-------------+--------------+------------+------+--------------+--------------+-------------------+------------------+-----------------+------------+-------------------------------------------+--------------+
Note: For table entries with two numbers listed, the numbers in parentheses indicate the number of resources of the given type used by the specific entity alone. The numbers listed outside of parentheses indicate the total resources of the given type used by the specific entity and all of its sub-entities in the hierarchy.


+------------------------------------------------------------+
; Logic Cells Representing Combinational Loops               ;
+--------------------------------------------------------+---+
; Logic Cell Name                                        ;   ;
+--------------------------------------------------------+---+
; Block1:inst|inst21~0                                   ;   ;
; Block1:inst5|inst21~0                                  ;   ;
; Number of logic cells representing combinational loops ; 2 ;
+--------------------------------------------------------+---+
Note: All cells listed above may not be present at the end of synthesis due to various synthesis optimizations.


+------------------------------------------------------+
; General Register Statistics                          ;
+----------------------------------------------+-------+
; Statistic                                    ; Value ;
+----------------------------------------------+-------+
; Total registers                              ; 42    ;
; Number of registers using Synchronous Clear  ; 0     ;
; Number of registers using Synchronous Load   ; 0     ;
; Number of registers using Asynchronous Clear ; 10    ;
; Number of registers using Asynchronous Load  ; 14    ;
; Number of registers using Clock Enable       ; 2     ;
; Number of registers using Preset             ; 0     ;
+----------------------------------------------+-------+


+-----------------------------------------------------------------------+
; Parameter Settings for User Entity Instance: Block4:inst3|74283:inst6 ;
+------------------------+--------+-------------------------------------+
; Parameter Name         ; Value  ; Type                                ;
+------------------------+--------+-------------------------------------+
; DEVICE_FAMILY          ; MAX II ; Untyped                             ;
; AUTO_CARRY_CHAINS      ; ON     ; AUTO_CARRY                          ;
; IGNORE_CARRY_BUFFERS   ; OFF    ; IGNORE_CARRY                        ;
; AUTO_CASCADE_CHAINS    ; ON     ; AUTO_CASCADE                        ;
; IGNORE_CASCADE_BUFFERS ; OFF    ; IGNORE_CASCADE                      ;
+------------------------+--------+-------------------------------------+
Note: In order to hide this table in the UI and the text report file, please set the "Show Parameter Settings Tables in Synthesis Report" option in "Analysis and Synthesis Settings -> More Settings" to "Off".


+-----------------------------------------------------------------------+
; Parameter Settings for User Entity Instance: Block4:inst4|74283:inst6 ;
+------------------------+--------+-------------------------------------+
; Parameter Name         ; Value  ; Type                                ;
+------------------------+--------+-------------------------------------+
; DEVICE_FAMILY          ; MAX II ; Untyped                             ;
; AUTO_CARRY_CHAINS      ; ON     ; AUTO_CARRY                          ;
; IGNORE_CARRY_BUFFERS   ; OFF    ; IGNORE_CARRY                        ;
; AUTO_CASCADE_CHAINS    ; ON     ; AUTO_CASCADE                        ;
; IGNORE_CASCADE_BUFFERS ; OFF    ; IGNORE_CASCADE                      ;
+------------------------+--------+-------------------------------------+
Note: In order to hide this table in the UI and the text report file, please set the "Show Parameter Settings Tables in Synthesis Report" option in "Analysis and Synthesis Settings -> More Settings" to "Off".


+-------------------------------+
; Analysis & Synthesis Messages ;
+-------------------------------+
Info: *******************************************************************
Info: Running Quartus II 64-Bit Analysis & Synthesis
    Info: Version 9.1 Build 350 03/24/2010 Service Pack 2 SJ Full Version
    Info: Processing started: Fri Jun 07 18:14:00 2024
Info: Command: quartus_map --read_settings_files=on --write_settings_files=off Block1 -c Block1
Info: Parallel compilation is enabled and will use 14 of the 14 processors detected
Info: Found 1 design units, including 1 entities, in source file block1.bdf
    Info: Found entity 1: Block1
Info: Found 1 design units, including 1 entities, in source file block2.bdf
    Info: Found entity 1: Block2
Info: Found 1 design units, including 1 entities, in source file block3.bdf
    Info: Found entity 1: Block3
Info: Found 1 design units, including 1 entities, in source file test.bdf
    Info: Found entity 1: TEST
Info: Found 1 design units, including 1 entities, in source file block4.bdf
    Info: Found entity 1: Block4
Info: Found 1 design units, including 1 entities, in source file block5.bdf
    Info: Found entity 1: Block5
Info: Found 1 design units, including 1 entities, in source file block6.bdf
    Info: Found entity 1: Block6
Info: Found 1 design units, including 1 entities, in source file block7.bdf
    Info: Found entity 1: Block7
Warning: Can't analyze file -- file Block4T.bdf is missing
Info: Found 1 design units, including 1 entities, in source file block8.bdf
    Info: Found entity 1: Block8
Info: Found 1 design units, including 1 entities, in source file block9.bdf
    Info: Found entity 1: Block9
Info: Found 1 design units, including 1 entities, in source file block10.bdf
    Info: Found entity 1: Block10
Info: Found 1 design units, including 1 entities, in source file block11.bdf
    Info: Found entity 1: Block11
Info: Elaborating entity "TEST" for the top level hierarchy
Info: Elaborating entity "Block5" for hierarchy "Block5:inst10"
Info: Elaborating entity "7448" for hierarchy "Block5:inst10|7448:inst"
Info: Elaborated megafunction instantiation "Block5:inst10|7448:inst"
Info: Elaborating entity "Block4" for hierarchy "Block4:inst3"
Info: Elaborating entity "Block10" for hierarchy "Block4:inst3|Block10:inst9"
Info: Elaborating entity "Block7" for hierarchy "Block4:inst3|Block10:inst9|Block7:inst"
Info: Elaborating entity "74190" for hierarchy "Block4:inst3|74190:inst"
Info: Elaborated megafunction instantiation "Block4:inst3|74190:inst"
Info: Elaborating entity "74283" for hierarchy "Block4:inst3|74283:inst6"
Info: Elaborated megafunction instantiation "Block4:inst3|74283:inst6"
Info: Elaborating entity "f74283" for hierarchy "Block4:inst3|74283:inst6|f74283:sub"
Info: Elaborated megafunction instantiation "Block4:inst3|74283:inst6|f74283:sub", which is child of megafunction instantiation "Block4:inst3|74283:inst6"
Info: Elaborating entity "Block2" for hierarchy "Block2:inst1"
Info: Elaborating entity "Block1" for hierarchy "Block1:inst"
Info: Elaborating entity "74160" for hierarchy "Block1:inst|74160:inst"
Info: Elaborated megafunction instantiation "Block1:inst|74160:inst"
Info: Elaborating entity "Block3" for hierarchy "Block3:inst2"
Info: Elaborating entity "Block6" for hierarchy "Block6:inst36"
Info: Elaborating entity "74138" for hierarchy "Block6:inst36|74138:inst2"
Info: Elaborated megafunction instantiation "Block6:inst36|74138:inst2"
Info: Ignored 4 buffer(s)
    Info: Ignored 4 SOFT buffer(s)
Info: Converted 4 single input CARRY primitives to CARRY_SUM primitives
Info: Implemented 162 device resources after synthesis - the final resource count might be different
    Info: Implemented 2 input pins
    Info: Implemented 38 output pins
    Info: Implemented 122 logic cells
Info: Quartus II 64-Bit Analysis & Synthesis was successful. 0 errors, 1 warning
    Info: Peak virtual memory: 4419 megabytes
    Info: Processing ended: Fri Jun 07 18:14:00 2024
    Info: Elapsed time: 00:00:00
    Info: Total CPU time (on all processors): 00:00:00


